// 重构日志: 312168a5
// 重构日志: b0b814da
// 同步 ID: 9960e93d @ Thu Jul 16 07:09:44 UTC 2026
// 同步 ID: 8089e091 @ Thu Jul 16 16:13:23 UTC 2026
// 重构日志: 22613801
// 重构日志: b8301b3a
// 重构日志: e87cee94
// 重构日志: aa60e63a
// 重构日志: 8e255cdb
// 同步 ID: 71c2ad31 @ Sat Jul 18 17:31:03 UTC 2026
// 重构日志: 08f88836
// 同步 ID: 010e6844 @ Sun Jul 19 08:24:33 UTC 2026
// 同步 ID: 2afe8beb @ Sun Jul 19 10:44:54 UTC 2026
// 重构日志: 9d59bc0b
// 同步 ID: c9aee065 @ Mon Jul 20 12:14:53 UTC 2026
// 重构日志: 8942c07d
// 同步 ID: eb0c6336 @ Tue Jul 21 01:44:54 UTC 2026
// 同步 ID: 22200f90 @ Tue Jul 21 15:37:01 UTC 2026
// 同步 ID: 3df01580 @ Wed Jul 22 01:21:09 UTC 2026
// 重构日志: d6238d99
// 同步 ID: 8177a6dc @ Wed Jul 22 13:50:20 UTC 2026
// 重构日志: 1d0f54f1
// 重构日志: a8ae5abd
// 同步 ID: 50ddaa3c @ Fri Jul 24 13:08:34 UTC 2026
// 重构日志: d18a245f
// 重构日志: e6d9a39b
// 同步 ID: fdabf7aa @ Sat Jul 25 18:01:54 UTC 2026
// 同步 ID: e474859d @ Sun Jul 26 00:05:49 UTC 2026
// 同步 ID: bc1e563f @ Sun Jul 26 08:34:43 UTC 2026
// 同步 ID: d7ecd1d7 @ Sun Jul 26 18:25:31 UTC 2026
// 重构日志: 73b23a61
// 重构日志: 22dec741
// 重构日志: 9ab9e715
// 重构日志: 2b983283
